C51 COMPILER V9.60.7.0   DC_MOTOR                                                          01/25/2024 14:24:54 PAGE 1   


C51 COMPILER V9.60.7.0, COMPILATION OF MODULE DC_MOTOR
OBJECT MODULE PLACED IN .\Objects\dc_motor.obj
COMPILER INVOKED BY: C:\Keil_v5\C51\BIN\C51.EXE dc_motor.c OPTIMIZE(8,SPEED) BROWSE DEBUG OBJECTEXTEND PRINT(.\Listings\
                    -dc_motor.lst) TABS(2) OBJECT(.\Objects\dc_motor.obj)

line level    source

   1          #include<reg51.h>
   2          void delay(int itime){
   3   1        int i,j;
   4   1        for(i=0;i<1000;i++)
   5   1        for(j=0;j<itime;j++);
   6   1      
   7   1      }
   8          
   9          sbit m1 = P2^0;
  10          sbit m2 = P2^1;
  11          
  12          
  13          int main(){
  14   1        
  15   1        m1=1;
  16   1        m2=0;
  17   1        delay(200);
  18   1        
  19   1        m1=0;
  20   1        m2=1;
  21   1        delay(200);
  22   1        
  23   1        return 0;
  24   1      }


MODULE INFORMATION:   STATIC OVERLAYABLE
   CODE SIZE        =     59    ----
   CONSTANT SIZE    =   ----    ----
   XDATA SIZE       =   ----    ----
   PDATA SIZE       =   ----    ----
   DATA SIZE        =   ----    ----
   IDATA SIZE       =   ----    ----
   BIT SIZE         =   ----    ----
END OF MODULE INFORMATION.


C51 COMPILATION COMPLETE.  0 WARNING(S),  0 ERROR(S)
